// Jest Snapshot v1, https://goo.gl/fbAQLP

exports[`DogImages renders component 1`] = `
<div>
  <div
    style="display: flex; flex-wrap: wrap; justify-content: center; align-items: center; width: 100%;"
  >
    <div
      class="dogImgContainer"
    >
      <img
        alt="dog-seat"
        class="dogImgs"
        src="dogs.png"
      />
    </div>
    <button
      class="nftbtn"
    >
      NFT Launching Soon
    </button>
  </div>
</div>
`;
